// Jest Snapshot v1, https://goo.gl/fbAQLP

exports[`fetch runs fetch using form data 1`] = `
Object {
  "response": Object {
    "foo": "bar",
  },
  "success": true,
}
`;
